// Jest Snapshot v1, https://goo.gl/fbAQLP

exports[`Mounted App renders correctly 1`] = `
<div
  class="pagelog-item"
>
  <div
    class="pagelog-type"
  >
    <v-icon-stub>
      mdi-plus
    </v-icon-stub>
     
    <!---->
     
    <!---->
  </div>
   
  <div
    class="pagelog-details"
  >
    <p
      class="link"
    >
      <a
        href="/#/v/undefined/undefined"
      >
        undefined/undefined
      </a>
      <br />
      
    1969-12-31 22:00:01 
    </p>
  </div>
</div>
`;
