// Jest Snapshot v1, https://goo.gl/fbAQLP

exports[`Mounted App renders correctly 1`] = `
<div
  class="page-container"
  pageid="ohjeita"
  siteid="mekanismi"
>
  <v-container-stub
    tag="div"
  >
    <!---->
     
    <v-row-stub
      tag="div"
    >
      <v-col-stub
        tag="div"
      >
        <tabtitle-stub
          link="/v//"
          sub=""
          sublink="/v/"
          topic=""
        />
      </v-col-stub>
    </v-row-stub>
     
    <v-row-stub
      tag="div"
    >
      <v-col-stub
        cols="12"
        md="8"
        tag="div"
      >
        <v-card-stub
          loaderheight="4"
          tag="div"
        >
          <v-card-text-stub>
            <div
              class="wikipage"
            >
              <div
                class=""
              >
                <wikicontent-stub
                  html=""
                />
              </div>
            </div>
             
            <v-btn-stub
              absolute="true"
              activeclass=""
              color="primary"
              disabled="true"
              fab="true"
              right="true"
              small="true"
              style="margin-right: 48px; margin-top: 4px;"
              tag="button"
              to="/edit//"
              top="true"
              type="button"
            >
              <v-icon-stub>
                mdi-pen
              </v-icon-stub>
            </v-btn-stub>
             
            <v-speed-dial-stub
              absolute="true"
              direction="bottom"
              right="true"
              style="margin-top: -32px;"
              top="true"
              transition="scale-transition"
            >
               
              <v-btn-stub
                activeclass=""
                color="secondary"
                dark="true"
                fab="true"
                small="true"
                tag="button"
                type="button"
              >
                <v-icon-stub>
                  mdi-link
                </v-icon-stub>
              </v-btn-stub>
               
              <v-btn-stub
                activeclass=""
                color="secondary"
                fab="true"
                small="true"
                tag="button"
                type="button"
              >
                <v-icon-stub>
                  mdi-file-eye
                </v-icon-stub>
              </v-btn-stub>
            </v-speed-dial-stub>
          </v-card-text-stub>
        </v-card-stub>
      </v-col-stub>
       
      <v-col-stub
        cols="12"
        md="4"
        tag="div"
      >
        <sidebar-stub />
      </v-col-stub>
    </v-row-stub>
  </v-container-stub>
</div>
`;
