// Jest Snapshot v1, https://goo.gl/fbAQLP

exports[`Mounted App renders correctly 1`] = `
<v-container-stub
  siteid="mekanismi"
  tag="div"
>
  <v-row-stub
    tag="div"
  >
    <v-col-stub
      tag="div"
    >
      <v-card-stub
        loaderheight="4"
        tag="div"
      >
        <v-card-text-stub>
          <playerlist-stub />
        </v-card-text-stub>
         
        <v-card-actions-stub>
          <v-spacer-stub />
           
          <addplayeraction-stub
            siteid=""
          />
        </v-card-actions-stub>
      </v-card-stub>
    </v-col-stub>
  </v-row-stub>
</v-container-stub>
`;
