// Jest Snapshot v1, https://goo.gl/fbAQLP

exports[`Mounted App renders correctly 1`] = `
<v-snackbar-stub
  color="error"
  contentclass=""
  multiline="true"
  tag="div"
  timeout="5000"
  top="true"
  transition="v-snack-transition"
  value=""
>
  <div>
    <h1>
      
    </h1>
     
    <p>
      
    </p>
  </div>
</v-snackbar-stub>
`;
